<?xml version="1.0" encoding="UTF-8"?>
<testsuites>
 <testsuite name="DarkAndLightModeTests" tests="3" failures="1" skipped="0" time="0.3711">
  <testcase configuration-hash="" name="testExample()" classname="DarkAndLightModeTests" time="0.11">
   <failure>DarkAndLightModeTests.swift:25: failed - Reached 1</failure>
  </testcase>
  <testcase configuration-hash="" name="testExample()" classname="DarkAndLightModeTests" time="0.0011"></testcase>
  <testcase configuration-hash="" name="testPerformanceExample()" classname="DarkAndLightModeTests" time="0.26"></testcase>
 </testsuite>
 <testsuite name="DarkAndLightModeUITests" tests="3" failures="1" skipped="0" time="36">
  <testcase configuration-hash="" name="testExample()" classname="DarkAndLightModeUITests" time="3"></testcase>
  <testcase configuration-hash="" name="testLaunchPerformance()" classname="DarkAndLightModeUITests" time="28"></testcase>
  <testcase configuration-hash="" name="testLaunch()" classname="DarkAndLightModeUITestsLaunchTests" time="5">
   <failure></failure>
   <properties>
    <property name="attachment" value="Launch Screen_1_FD1B9BC4-364B-4191-88F9-48DD5B4B251F.png"></property>
    <property name="attachment" value="Screen Recording 2023-12-12 at 03.16.02 PM.mp4"></property>
    <property name="attachment" value="Launch Screen_1_1FDDCFCB-A490-4773-ABC1-96BC97459F6A.png"></property>
    <property name="attachment" value="Screen Recording 2023-12-12 at 03.16.18 PM.mp4"></property>
    <property name="attachment" value="Launch Screen_1_CEFDE93C-2C43-4D5B-80B5-0B27AD09CCC5.png"></property>
    <property name="attachment" value="Screen Recording 2023-12-12 at 03.16.33 PM.mp4"></property>
    <property name="attachment" value="Launch Screen_1_6CD9C2FF-7FFC-4C37-B82A-D208F800193B.png"></property>
    <property name="attachment" value="Screen Recording 2023-12-12 at 03.16.47 PM.mp4"></property>
   </properties>
  </testcase>
 </testsuite>
</testsuites>