<?xml version="1.0" encoding="UTF-8"?>
<testsuites>
 <testsuite name="DarkAndLightModeTests" tests="3" failures="1" errors="0" skipped="0" time="0.3711">
  <testcase name="testExample()" classname="DarkAndLightModeTests" time="0.11">
   <failure>DarkAndLightModeTests.swift:25: failed - Reached 1</failure>
  </testcase>
  <testcase name="testExample()" classname="DarkAndLightModeTests" time="0.0011"></testcase>
  <testcase name="testPerformanceExample()" classname="DarkAndLightModeTests" time="0.26"></testcase>
 </testsuite>
 <testsuite name="DarkAndLightModeUITests" tests="3" failures="1" errors="0" skipped="0" time="36">
  <testcase name="testExample()" classname="DarkAndLightModeUITests" time="3"></testcase>
  <testcase name="testLaunchPerformance()" classname="DarkAndLightModeUITests" time="28"></testcase>
  <testcase name="testLaunch()" classname="DarkAndLightModeUITestsLaunchTests" time="5">
   <failure></failure>
   <properties>
    <property name="attachment_0" value="Launch Screen_1_FD1B9BC4-364B-4191-88F9-48DD5B4B251F_1702394166035000085.png"></property>
    <property name="attachment_1" value="Launch Screen_1_1FDDCFCB-A490-4773-ABC1-96BC97459F6A_1702394182316999912.png"></property>
    <property name="attachment_2" value="Launch Screen_1_CEFDE93C-2C43-4D5B-80B5-0B27AD09CCC5_1702394197773999929.png"></property>
    <property name="attachment_3" value="Launch Screen_1_6CD9C2FF-7FFC-4C37-B82A-D208F800193B_1702394211733000040.png"></property>
   </properties>
  </testcase>
 </testsuite>
</testsuites>